
Running 72 tests using 1 worker

  ✓   1 [chromium] › tests/e2e/01-lobby.spec.js:5:3 › Lobby › loads without JavaScript errors (528ms)
  ✓   2 [chromium] › tests/e2e/01-lobby.spec.js:17:3 › Lobby › shows solith.in branding (355ms)
  ✓   3 [chromium] › tests/e2e/01-lobby.spec.js:23:3 › Lobby › shows Start a Room button (370ms)
  ✓   4 [chromium] › tests/e2e/01-lobby.spec.js:29:3 › Lobby › shows Go Premium button (357ms)
  ✓   5 [chromium] › tests/e2e/01-lobby.spec.js:35:3 › Lobby › shows language filter pills (330ms)
  ✓   6 [chromium] › tests/e2e/01-lobby.spec.js:41:3 › Lobby › shows search bar (397ms)
  ✓   7 [chromium] › tests/e2e/01-lobby.spec.js:47:3 › Lobby › search filters rooms (408ms)
  ✓   8 [chromium] › tests/e2e/01-lobby.spec.js:60:3 › Lobby › background pattern is visible not pure black (347ms)
  ✓   9 [chromium] › tests/e2e/01-lobby.spec.js:69:3 › Lobby › Start a Room shows auth modal when not logged in (292ms)
  ✓  10 [chromium] › tests/e2e/01-lobby.spec.js:80:3 › Lobby › Social button visible in lobby (313ms)
  ✓  11 [chromium] › tests/e2e/01-lobby.spec.js:86:3 › Lobby › mobile layout renders correctly (347ms)
  ✓  12 [chromium] › tests/e2e/02-navigation.spec.js:5:3 › Navigation › Leaderboard page loads (345ms)
  ✓  13 [chromium] › tests/e2e/02-navigation.spec.js:11:3 › Navigation › Guidelines page loads (356ms)
  ✓  14 [chromium] › tests/e2e/02-navigation.spec.js:17:3 › Navigation › Messages page loads (329ms)
  ✓  15 [chromium] › tests/e2e/02-navigation.spec.js:23:3 › Navigation › Premium page loads (360ms)
  ✓  16 [chromium] › tests/e2e/02-navigation.spec.js:29:3 › Navigation › Landing page loads (557ms)
  ✓  17 [chromium] › tests/e2e/02-navigation.spec.js:35:3 › Navigation › clicking Back returns to lobby (353ms)
  ✓  18 [chromium] › tests/e2e/03-api.spec.js:7:3 › Backend API › health endpoint returns OK (283ms)
  ✓  19 [chromium] › tests/e2e/03-api.spec.js:13:3 › Backend API › rooms endpoint returns array (227ms)
  ✓  20 [chromium] › tests/e2e/03-api.spec.js:20:3 › Backend API › rooms never include invite-only rooms (230ms)
  ✓  21 [chromium] › tests/e2e/03-api.spec.js:27:3 › Backend API › rooms have required fields (233ms)
  ✓  22 [chromium] › tests/e2e/03-api.spec.js:39:3 › Backend API › settings endpoint returns JSON not HTML (356ms)
  ✓  23 [chromium] › tests/e2e/03-api.spec.js:48:3 › Backend API › config endpoint returns livekit info (233ms)
  ✓  24 [chromium] › tests/e2e/03-api.spec.js:57:3 › Backend API › unknown API routes return JSON not HTML (321ms)
  ✓  25 [chromium] › tests/e2e/04-rooms.spec.js:5:3 › Room Cards › room cards render with correct structure when rooms exist (1.5s)
  ✓  26 [chromium] › tests/e2e/04-rooms.spec.js:12:3 › Room Cards › share button copies URL (1.5s)
  ✓  27 [chromium] › tests/e2e/04-rooms.spec.js:26:3 › Room Cards › empty state shows Start a Room Now button (1.4s)
  ✓  28 [chromium] › tests/e2e/04-rooms.spec.js:33:3 › Room Cards › grid density toggles work (323ms)
  ✓  29 [chromium] › tests/e2e/04-rooms.spec.js:48:3 › Room Cards › room card countdown shows for empty rooms (1.5s)
  ✓  30 [chromium] › tests/e2e/05-auth.spec.js:5:3 › Authentication › sign in modal opens (343ms)
  ✓  31 [chromium] › tests/e2e/05-auth.spec.js:16:3 › Authentication › auth modal can be closed (438ms)
  ✓  32 [chromium] › tests/e2e/05-auth.spec.js:28:3 › Authentication › Premium page accessible without login (304ms)
  ✓  33 [chromium] › tests/e2e/06-performance.spec.js:5:3 › Performance › lobby loads within 5 seconds (437ms)
  ✓  34 [chromium] › tests/e2e/06-performance.spec.js:13:3 › Performance › no console errors on lobby load (308ms)
  ✓  35 [chromium] › tests/e2e/06-performance.spec.js:32:3 › Performance › page title is correct (346ms)
  ✓  36 [chromium] › tests/e2e/06-performance.spec.js:39:3 › Performance › favicon loads (69ms)
  ✓  37 [mobile] › tests/e2e/01-lobby.spec.js:5:3 › Lobby › loads without JavaScript errors (342ms)
  ✓  38 [mobile] › tests/e2e/01-lobby.spec.js:17:3 › Lobby › shows solith.in branding (334ms)
  ✓  39 [mobile] › tests/e2e/01-lobby.spec.js:23:3 › Lobby › shows Start a Room button (365ms)
  ✓  40 [mobile] › tests/e2e/01-lobby.spec.js:29:3 › Lobby › shows Go Premium button (392ms)
  ✓  41 [mobile] › tests/e2e/01-lobby.spec.js:35:3 › Lobby › shows language filter pills (353ms)
  ✓  42 [mobile] › tests/e2e/01-lobby.spec.js:41:3 › Lobby › shows search bar (391ms)
  ✓  43 [mobile] › tests/e2e/01-lobby.spec.js:47:3 › Lobby › search filters rooms (312ms)
  ✓  44 [mobile] › tests/e2e/01-lobby.spec.js:60:3 › Lobby › background pattern is visible not pure black (355ms)
  ✓  45 [mobile] › tests/e2e/01-lobby.spec.js:69:3 › Lobby › Start a Room shows auth modal when not logged in (429ms)
  ✓  46 [mobile] › tests/e2e/01-lobby.spec.js:80:3 › Lobby › Social button visible in lobby (451ms)
  ✓  47 [mobile] › tests/e2e/01-lobby.spec.js:86:3 › Lobby › mobile layout renders correctly (342ms)
  ✓  48 [mobile] › tests/e2e/02-navigation.spec.js:5:3 › Navigation › Leaderboard page loads (377ms)
  ✓  49 [mobile] › tests/e2e/02-navigation.spec.js:11:3 › Navigation › Guidelines page loads (334ms)
  ✓  50 [mobile] › tests/e2e/02-navigation.spec.js:17:3 › Navigation › Messages page loads (386ms)
  ✓  51 [mobile] › tests/e2e/02-navigation.spec.js:23:3 › Navigation › Premium page loads (389ms)
  ✓  52 [mobile] › tests/e2e/02-navigation.spec.js:29:3 › Navigation › Landing page loads (421ms)
  ✓  53 [mobile] › tests/e2e/02-navigation.spec.js:35:3 › Navigation › clicking Back returns to lobby (333ms)
  ✓  54 [mobile] › tests/e2e/03-api.spec.js:7:3 › Backend API › health endpoint returns OK (273ms)
  ✓  55 [mobile] › tests/e2e/03-api.spec.js:13:3 › Backend API › rooms endpoint returns array (228ms)
  ✓  56 [mobile] › tests/e2e/03-api.spec.js:20:3 › Backend API › rooms never include invite-only rooms (229ms)
  ✓  57 [mobile] › tests/e2e/03-api.spec.js:27:3 › Backend API › rooms have required fields (229ms)
  ✓  58 [mobile] › tests/e2e/03-api.spec.js:39:3 › Backend API › settings endpoint returns JSON not HTML (240ms)
  ✓  59 [mobile] › tests/e2e/03-api.spec.js:48:3 › Backend API › config endpoint returns livekit info (225ms)
  ✓  60 [mobile] › tests/e2e/03-api.spec.js:57:3 › Backend API › unknown API routes return JSON not HTML (227ms)
  ✓  61 [mobile] › tests/e2e/04-rooms.spec.js:5:3 › Room Cards › room cards render with correct structure when rooms exist (1.6s)
  ✓  62 [mobile] › tests/e2e/04-rooms.spec.js:12:3 › Room Cards › share button copies URL (1.5s)
  ✓  63 [mobile] › tests/e2e/04-rooms.spec.js:26:3 › Room Cards › empty state shows Start a Room Now button (1.5s)
  ✓  64 [mobile] › tests/e2e/04-rooms.spec.js:33:3 › Room Cards › grid density toggles work (368ms)
  ✓  65 [mobile] › tests/e2e/04-rooms.spec.js:48:3 › Room Cards › room card countdown shows for empty rooms (1.5s)
  ✓  66 [mobile] › tests/e2e/05-auth.spec.js:5:3 › Authentication › sign in modal opens (322ms)
  ✓  67 [mobile] › tests/e2e/05-auth.spec.js:16:3 › Authentication › auth modal can be closed (367ms)
  ✓  68 [mobile] › tests/e2e/05-auth.spec.js:28:3 › Authentication › Premium page accessible without login (392ms)
  ✓  69 [mobile] › tests/e2e/06-performance.spec.js:5:3 › Performance › lobby loads within 5 seconds (395ms)
  ✓  70 [mobile] › tests/e2e/06-performance.spec.js:13:3 › Performance › no console errors on lobby load (358ms)
  ✓  71 [mobile] › tests/e2e/06-performance.spec.js:32:3 › Performance › page title is correct (315ms)
  ✓  72 [mobile] › tests/e2e/06-performance.spec.js:39:3 › Performance › favicon loads (70ms)

  72 passed (34.7s)
